// Jest Snapshot v1, https://goo.gl/fbAQLP

exports[`the filterDuplicateFunction filters as expected 1`] = `
Array [
  Array [
    "asd",
    "Body",
  ],
  Array [
    Object {
      "id": "wasd",
      "other": "asd",
    },
    "Body",
  ],
]
`;
